exports[`top auth not valid 1`] = `
<div
  style={
    Object {
      "FontFamily": "微软雅黑,Arial,sans-serif",
      "WebkitTapHighlightColor": "transparent",
      "background": "#fff",
      "color": "#000",
      "fontFamily": "Helvetica Neue, Helvetica, Arial, sans-serif",
      "fontSize": "14px",
      "height": "100%",
      "margin": 0,
      "padding": 0,
      "position": "relative",
    }
  }>
  <div
    className="wrapper">
    <img
      alt=""
      src="test-file-stub"
      style={
        Object {
          "display": "block",
          "margin": "0 auto",
          "maxWidth": "200px",
          "paddingBottom": "44px",
          "paddingTop": "39px",
          "width": "40%",
        }
      } />
  </div>
  <Hammer
    onSwipe={[Function]}>
    <div
      className="container">
      <div
        className="nav">
        <a
          href="#"
          style={
            Object {
              "borderBottom": "4px solid #9b9b9b",
              "color": "#9b9b9b",
            }
          }>
          验证码登录
        </a>
        <a
          href="#"
          style={
            Object {
              "borderBottom": "4px solid #1b7c86",
              "color": "#1b7c86",
            }
          }>
          密码登录
        </a>
        <div
          className="clear" />
      </div>
      <ReactSwipe
        className="mySwipe"
        style={
          Object {
            "child": Object {
              "float": "left",
              "position": "relative",
              "transitionProperty": "transform",
              "width": "100%",
            },
            "container": Object {
              "overflow": "hidden",
              "position": "relative",
              "visibility": "hidden",
            },
            "wrapper": Object {
              "overflow": "hidden",
              "position": "relative",
            },
          }
        }
        swipeOptions={
          Object {
            "auto": 0,
            "callback": [Function],
            "continuous": false,
            "disableScroll": false,
            "speed": 300,
            "startSlide": 0,
            "transitionEnd": [Function],
          }
        }>
        <div
          className="react-swipe-container mySwipe"
          id={undefined}
          style={
            Object {
              "overflow": "hidden",
              "position": "relative",
              "visibility": "hidden",
            }
          }>
          <div
            style={
              Object {
                "overflow": "hidden",
                "position": "relative",
              }
            }>
            <div
              style={
                Object {
                  "float": "left",
                  "position": "relative",
                  "transitionProperty": "transform",
                  "width": "100%",
                }
              }>
              <div
                className="wrapper">
                <div
                  className="text-input-box Mtop40">
                  <input
                    className="input-text tel phone"
                    id="phone"
                    maxLength="11"
                    placeholder="手机号"
                    type="tel" />
                  <div
                    className="clear_num" />
                </div>
                <div
                  className="text-input-box Mtop20">
                  <input
                    className="input-text"
                    id="code"
                    maxLength="6"
                    placeholder="验证码"
                    style={
                      Object {
                        "fontSize": "16px",
                      }
                    }
                    type="text" />
                  <input
                    className="btn-code"
                    id="sendYzm"
                    type="button"
                    value="发送验证码" />
                </div>
                <div
                  className="Mtop60">
                  <input
                    className="btn-default"
                    id="loginBut"
                    type="button"
                    value="登录" />
                  <p
                    className="btomjump">
                    <a
                      href="javascript:;"
                      id="go_register">
                      立即注册
                    </a>
                  </p>
                </div>
              </div>
            </div>
            <div
              style={
                Object {
                  "float": "left",
                  "position": "relative",
                  "transitionProperty": "transform",
                  "width": "100%",
                }
              }>
              <div
                className="wrapper">
                <div
                  className="text-input-box Mtop40">
                  <input
                    className="input-text"
                    id="phone2"
                    maxLength="11"
                    placeholder="手机号"
                    type="tel" />
                  <div
                    className="clear_num" />
                </div>
                <div
                  className="text-input-box Mtop20">
                  <input
                    className="input-text"
                    id="pwd"
                    maxLength="20"
                    placeholder="6～20位密码"
                    type="password" />
                  <a
                    className="pwd-show"
                    href="javascript:;" />
                  <a
                    className="pwd-hide"
                    href="javascript:;" />
                  <i
                    className="forget">
                    忘记密码?
                  </i>
                </div>
                <div
                  className="btn-input-box Mtop60">
                  <input
                    className="btn-default"
                    id="loginBut2"
                    type="button"
                    value="登录" />
                  <p
                    className="btomjump">
                    <a
                      href="javascript:;"
                      id="go_register">
                      立即注册
                    </a>
                  </p>
                </div>
              </div>
            </div>
          </div>
        </div>
      </ReactSwipe>
    </div>
  </Hammer>
</div>
`;

exports[`top auth valid : not loading: orders not empty  1`] = `
<div>
  <div
    className="myorderNodatabox"
    style={
      Object {
        "display": "none",
      }
    }>
    <dl>
      <dt>
        <img
          alt=""
          src="test-file-stub" />
      </dt>
      <dd>
        您目前还没有进行任何预约
      </dd>
    </dl>
    <div
      className="fotIcon">
      <img
        alt=""
        src="test-file-stub" />
      <p>
        轻快预约   从“齿”简单
      </p>
    </div>
  </div>
  <ReactHammer
    height={768}
    onPan={[Function]}
    onRefresh={[Function]}>
    <div
      id="pullhammer"
      style={
        Object {
          "maxHeight": 768,
          "overflow": "auto",
        }
      }>
      <div
        className="ptr-element">
        <span
          className="genericon genericon-next" />
        <div
          className="loading">
          <span
            className="loading-ptr-1" />
          <span
            className="loading-ptr-2" />
          <span
            className="loading-ptr-3" />
        </div>
      </div>
      <Hammer
        direction="DIRECTION_VERTICAL"
        onPan={[Function]}
        onPanEnd={[Function]}
        onPanStart={[Function]}
        options={
          Object {
            "touchAction": "pan-y",
          }
        }>
        <div
          className="refresh-view">
          <div>
            <div
              className="myOrdermainbox"
              style={
                Object {
                  "marginTop": "10px",
                }
              }>
              <ReactList
                axis="y"
                itemRenderer={[Function]}
                itemsRenderer={[Function]}
                length={11}
                pageSize={10}
                threshold={100}
                type="uniform"
                useStaticSize={false}
                useTranslate3d={false}>
                <div
                  style={
                    Object {
                      "position": "relative",
                    }
                  }>
                  <div
                    style={
                      Object {
                        "WebkitTransform": "translate(0px, 0px)",
                        "msTransform": "translate(0px, 0px)",
                        "transform": "translate(0px, 0px)",
                      }
                    }>
                    <div>
                      <Connect(MyOrder)
                        id={0}
                        idx={0}
                        is_return={0}
                        patient_name="tangxin"
                        reserve_number="cool"
                        service_name="baya"
                        status={88}
                        visit_time="23212">
                        <MyOrder
                          id={0}
                          idx={0}
                          is_return={0}
                          load={[Function]}
                          patient_name="tangxin"
                          pushState={[Function]}
                          reserve_number="cool"
                          service_name="baya"
                          status={88}
                          toShow={[Function]}
                          visit_time="23212">
                          <div
                            onClick={[Function]}>
                            <div
                              className="weui_cells weui_cells_access">
                              <a
                                className="weui_cell">
                                <div
                                  className="weui_cell_hd">
                                  <p>
                                    <b>
                                      <em />
                                    </b>
                                    <label />
                                    <label>
                                      <span>
                                        23212
                                      </span>
                                    </label>
                                  </p>
                                </div>
                                <span
                                  className="weui_cell_ft" />
                              </a>
                            </div>
                          </div>
                        </MyOrder>
                      </Connect(MyOrder)>
                      <Connect(MyOrder)
                        id={1}
                        idx={1}
                        is_return={0}
                        patient_name="tangxin"
                        reserve_number="cool"
                        service_name="baya"
                        status={88}
                        visit_time="23212">
                        <MyOrder
                          id={1}
                          idx={1}
                          is_return={0}
                          load={[Function]}
                          patient_name="tangxin"
                          pushState={[Function]}
                          reserve_number="cool"
                          service_name="baya"
                          status={88}
                          toShow={[Function]}
                          visit_time="23212">
                          <div
                            onClick={[Function]}>
                            <div
                              className="weui_cells weui_cells_access">
                              <a
                                className="weui_cell">
                                <div
                                  className="weui_cell_hd">
                                  <p>
                                    <b>
                                      <em />
                                    </b>
                                    <label />
                                    <label>
                                      <span>
                                        23212
                                      </span>
                                    </label>
                                  </p>
                                </div>
                                <span
                                  className="weui_cell_ft" />
                              </a>
                            </div>
                          </div>
                        </MyOrder>
                      </Connect(MyOrder)>
                      <Connect(MyOrder)
                        id={2}
                        idx={2}
                        is_return={0}
                        patient_name="tangxin"
                        reserve_number="cool"
                        service_name="baya"
                        status={88}
                        visit_time="23212">
                        <MyOrder
                          id={2}
                          idx={2}
                          is_return={0}
                          load={[Function]}
                          patient_name="tangxin"
                          pushState={[Function]}
                          reserve_number="cool"
                          service_name="baya"
                          status={88}
                          toShow={[Function]}
                          visit_time="23212">
                          <div
                            onClick={[Function]}>
                            <div
                              className="weui_cells weui_cells_access">
                              <a
                                className="weui_cell">
                                <div
                                  className="weui_cell_hd">
                                  <p>
                                    <b>
                                      <em />
                                    </b>
                                    <label />
                                    <label>
                                      <span>
                                        23212
                                      </span>
                                    </label>
                                  </p>
                                </div>
                                <span
                                  className="weui_cell_ft" />
                              </a>
                            </div>
                          </div>
                        </MyOrder>
                      </Connect(MyOrder)>
                      <Connect(MyOrder)
                        id={3}
                        idx={3}
                        is_return={0}
                        patient_name="tangxin"
                        reserve_number="cool"
                        service_name="baya"
                        status={88}
                        visit_time="23212">
                        <MyOrder
                          id={3}
                          idx={3}
                          is_return={0}
                          load={[Function]}
                          patient_name="tangxin"
                          pushState={[Function]}
                          reserve_number="cool"
                          service_name="baya"
                          status={88}
                          toShow={[Function]}
                          visit_time="23212">
                          <div
                            onClick={[Function]}>
                            <div
                              className="weui_cells weui_cells_access">
                              <a
                                className="weui_cell">
                                <div
                                  className="weui_cell_hd">
                                  <p>
                                    <b>
                                      <em />
                                    </b>
                                    <label />
                                    <label>
                                      <span>
                                        23212
                                      </span>
                                    </label>
                                  </p>
                                </div>
                                <span
                                  className="weui_cell_ft" />
                              </a>
                            </div>
                          </div>
                        </MyOrder>
                      </Connect(MyOrder)>
                      <Connect(MyOrder)
                        id={4}
                        idx={4}
                        is_return={0}
                        patient_name="tangxin"
                        reserve_number="cool"
                        service_name="baya"
                        status={88}
                        visit_time="23212">
                        <MyOrder
                          id={4}
                          idx={4}
                          is_return={0}
                          load={[Function]}
                          patient_name="tangxin"
                          pushState={[Function]}
                          reserve_number="cool"
                          service_name="baya"
                          status={88}
                          toShow={[Function]}
                          visit_time="23212">
                          <div
                            onClick={[Function]}>
                            <div
                              className="weui_cells weui_cells_access">
                              <a
                                className="weui_cell">
                                <div
                                  className="weui_cell_hd">
                                  <p>
                                    <b>
                                      <em />
                                    </b>
                                    <label />
                                    <label>
                                      <span>
                                        23212
                                      </span>
                                    </label>
                                  </p>
                                </div>
                                <span
                                  className="weui_cell_ft" />
                              </a>
                            </div>
                          </div>
                        </MyOrder>
                      </Connect(MyOrder)>
                      <Connect(MyOrder)
                        id={5}
                        idx={5}
                        is_return={0}
                        patient_name="tangxin"
                        reserve_number="cool"
                        service_name="baya"
                        status={88}
                        visit_time="23212">
                        <MyOrder
                          id={5}
                          idx={5}
                          is_return={0}
                          load={[Function]}
                          patient_name="tangxin"
                          pushState={[Function]}
                          reserve_number="cool"
                          service_name="baya"
                          status={88}
                          toShow={[Function]}
                          visit_time="23212">
                          <div
                            onClick={[Function]}>
                            <div
                              className="weui_cells weui_cells_access">
                              <a
                                className="weui_cell">
                                <div
                                  className="weui_cell_hd">
                                  <p>
                                    <b>
                                      <em />
                                    </b>
                                    <label />
                                    <label>
                                      <span>
                                        23212
                                      </span>
                                    </label>
                                  </p>
                                </div>
                                <span
                                  className="weui_cell_ft" />
                              </a>
                            </div>
                          </div>
                        </MyOrder>
                      </Connect(MyOrder)>
                      <Connect(MyOrder)
                        id={6}
                        idx={6}
                        is_return={0}
                        patient_name="tangxin"
                        reserve_number="cool"
                        service_name="baya"
                        status={88}
                        visit_time="23212">
                        <MyOrder
                          id={6}
                          idx={6}
                          is_return={0}
                          load={[Function]}
                          patient_name="tangxin"
                          pushState={[Function]}
                          reserve_number="cool"
                          service_name="baya"
                          status={88}
                          toShow={[Function]}
                          visit_time="23212">
                          <div
                            onClick={[Function]}>
                            <div
                              className="weui_cells weui_cells_access">
                              <a
                                className="weui_cell">
                                <div
                                  className="weui_cell_hd">
                                  <p>
                                    <b>
                                      <em />
                                    </b>
                                    <label />
                                    <label>
                                      <span>
                                        23212
                                      </span>
                                    </label>
                                  </p>
                                </div>
                                <span
                                  className="weui_cell_ft" />
                              </a>
                            </div>
                          </div>
                        </MyOrder>
                      </Connect(MyOrder)>
                      <Connect(MyOrder)
                        id={7}
                        idx={7}
                        is_return={0}
                        patient_name="tangxin"
                        reserve_number="cool"
                        service_name="baya"
                        status={88}
                        visit_time="23212">
                        <MyOrder
                          id={7}
                          idx={7}
                          is_return={0}
                          load={[Function]}
                          patient_name="tangxin"
                          pushState={[Function]}
                          reserve_number="cool"
                          service_name="baya"
                          status={88}
                          toShow={[Function]}
                          visit_time="23212">
                          <div
                            onClick={[Function]}>
                            <div
                              className="weui_cells weui_cells_access">
                              <a
                                className="weui_cell">
                                <div
                                  className="weui_cell_hd">
                                  <p>
                                    <b>
                                      <em />
                                    </b>
                                    <label />
                                    <label>
                                      <span>
                                        23212
                                      </span>
                                    </label>
                                  </p>
                                </div>
                                <span
                                  className="weui_cell_ft" />
                              </a>
                            </div>
                          </div>
                        </MyOrder>
                      </Connect(MyOrder)>
                      <Connect(MyOrder)
                        id={8}
                        idx={8}
                        is_return={0}
                        patient_name="tangxin"
                        reserve_number="cool"
                        service_name="baya"
                        status={88}
                        visit_time="23212">
                        <MyOrder
                          id={8}
                          idx={8}
                          is_return={0}
                          load={[Function]}
                          patient_name="tangxin"
                          pushState={[Function]}
                          reserve_number="cool"
                          service_name="baya"
                          status={88}
                          toShow={[Function]}
                          visit_time="23212">
                          <div
                            onClick={[Function]}>
                            <div
                              className="weui_cells weui_cells_access">
                              <a
                                className="weui_cell">
                                <div
                                  className="weui_cell_hd">
                                  <p>
                                    <b>
                                      <em />
                                    </b>
                                    <label />
                                    <label>
                                      <span>
                                        23212
                                      </span>
                                    </label>
                                  </p>
                                </div>
                                <span
                                  className="weui_cell_ft" />
                              </a>
                            </div>
                          </div>
                        </MyOrder>
                      </Connect(MyOrder)>
                      <Connect(MyOrder)
                        id={9}
                        idx={9}
                        is_return={0}
                        patient_name="tangxin"
                        reserve_number="cool"
                        service_name="baya"
                        status={88}
                        visit_time="23212">
                        <MyOrder
                          id={9}
                          idx={9}
                          is_return={0}
                          load={[Function]}
                          patient_name="tangxin"
                          pushState={[Function]}
                          reserve_number="cool"
                          service_name="baya"
                          status={88}
                          toShow={[Function]}
                          visit_time="23212">
                          <div
                            onClick={[Function]}>
                            <div
                              className="weui_cells weui_cells_access">
                              <a
                                className="weui_cell">
                                <div
                                  className="weui_cell_hd">
                                  <p>
                                    <b>
                                      <em />
                                    </b>
                                    <label />
                                    <label>
                                      <span>
                                        23212
                                      </span>
                                    </label>
                                  </p>
                                </div>
                                <span
                                  className="weui_cell_ft" />
                              </a>
                            </div>
                          </div>
                        </MyOrder>
                      </Connect(MyOrder)>
                    </div>
                  </div>
                </div>
              </ReactList>
            </div>
          </div>
        </div>
      </Hammer>
    </div>
  </ReactHammer>
</div>
`;
