exports[`behavior auth success to index 1`] = `
<div
  className="container-left">
  <h3 />
  <ul
    className="list">
    <li>
      <label
        className=""
        onClick={[Function]}>
        <a
          className="Appointment"
          href="#">
          <b>
            预约表
          </b>
        </a>
      </label>
    </li>
    <li>
      <label
        className=""
        onClick={[Function]}>
        <a
          className="User"
          href="#">
          <b>
            客户管理
          </b>
        </a>
      </label>
    </li>
    <li>
      <label
        className=""
        onClick={[Function]}>
        <a
          className="DoctorAdmin"
          href="#">
          <b>
            医生管理
          </b>
        </a>
        <i
          className="" />
      </label>
    </li>
    <li>
      <label
        className=""
        onClick={[Function]}>
        <a
          className="Clinicmain"
          href="#">
          <b>
            诊所管理
          </b>
        </a>
        <i
          className="" />
      </label>
    </li>
    <li>
      <label
        className=""
        onClick={[Function]}>
        <a
          className="Record"
          href="#">
          <b>
            病例库
          </b>
        </a>
      </label>
    </li>
    <li>
      <label
        className=""
        onClick={[Function]}>
        <a
          className="Company"
          href="#">
          <b>
            合作企业
          </b>
        </a>
      </label>
    </li>
    <li>
      <label
        className=""
        onClick={[Function]}>
        <a
          className="Bill"
          href="#">
          <b>
            账单管理
          </b>
        </a>
      </label>
    </li>
    <li>
      <label
        className=""
        onClick={[Function]}>
        <a
          className="System"
          href="#">
          <b>
            系统管理
          </b>
        </a>
        <i
          className="" />
      </label>
    </li>
    <li>
      <label
        className=""
        onClick={[Function]}>
        <a
          className="Priceform"
          href="#">
          <b>
            价格表
          </b>
        </a>
        <i
          className="" />
      </label>
    </li>
  </ul>
</div>
`;
