exports[`top server render auth succed with openid 1`] = `
<div>
  <div>
    <div>
      <header
        class="p_top huanzhebg">
        <dl>
          <dt
            id="userImg">
            <img
              alt=""
              src="test-file-stub" />
          </dt>
          <dd
            id="userName">
            king
          </dd>
        </dl>
        <a
          class="anniu"
          href="set.html">
          <img
            alt=""
            class="shezhi"
            src="test-file-stub" />
        </a>
      </header>
      <div
        class="chuzhen">
        <div
          class="chuzhenson">
          <img
            alt=""
            src="test-file-stub" />
          <div
            class="rtop_r">
            <h6
              class="spantitle">
              我要预约
            </h6>
            <span
              class="spancon" />
          </div>
          <div
            class="clear" />
        </div>
      </div>
      <div
        class="block">
        <div
          class="a1">
          <div
            class="blockson">
            <img
              alt=""
              src="test-file-stub" />
            <span>
              我的预约
            </span>
          </div>
        </div>
        <div
          class="a2">
          <div
            class="blockson">
            <img
              alt=""
              src="test-file-stub" />
            <span>
              我的病历
            </span>
          </div>
        </div>
        <div
          class="a1">
          <div
            class="blockson">
            <img
              alt=""
              src="test-file-stub" />
            <span>
              我的账单
            </span>
          </div>
        </div>
        <a
          class="a2"
          href="personmsg.html">
          <div
            class="blockson">
            <img
              alt=""
              src="test-file-stub" />
            <span>
              个人信息
            </span>
          </div>
        </a>
      </div>
      <div
        class="fotIcon">
        <img
          alt=""
          src="test-file-stub" />
        <p>
          轻快预约   从“齿”简单
        </p>
      </div>
    </div>
  </div>
</div>
`;

exports[`top user not valid 1`] = `
<div
  style={
    Object {
      "FontFamily": "微软雅黑,Arial,sans-serif",
      "WebkitTapHighlightColor": "transparent",
      "background": "#fff",
      "color": "#000",
      "fontFamily": "Helvetica Neue, Helvetica, Arial, sans-serif",
      "fontSize": "14px",
      "height": "100%",
      "margin": 0,
      "padding": 0,
      "position": "relative",
    }
  }>
  <div
    className="wrapper">
    <img
      alt=""
      src="test-file-stub"
      style={
        Object {
          "display": "block",
          "margin": "0 auto",
          "maxWidth": "200px",
          "paddingBottom": "44px",
          "paddingTop": "39px",
          "width": "40%",
        }
      } />
  </div>
  <Hammer
    onSwipe={[Function]}>
    <div
      className="container">
      <div
        className="nav">
        <a
          href="#"
          style={
            Object {
              "borderBottom": "4px solid #9b9b9b",
              "color": "#9b9b9b",
            }
          }>
          验证码登录
        </a>
        <a
          href="#"
          style={
            Object {
              "borderBottom": "4px solid #1b7c86",
              "color": "#1b7c86",
            }
          }>
          密码登录
        </a>
        <div
          className="clear" />
      </div>
      <ReactSwipe
        className="mySwipe"
        style={
          Object {
            "child": Object {
              "float": "left",
              "position": "relative",
              "transitionProperty": "transform",
              "width": "100%",
            },
            "container": Object {
              "overflow": "hidden",
              "position": "relative",
              "visibility": "hidden",
            },
            "wrapper": Object {
              "overflow": "hidden",
              "position": "relative",
            },
          }
        }
        swipeOptions={
          Object {
            "auto": 0,
            "callback": [Function],
            "continuous": false,
            "disableScroll": false,
            "speed": 300,
            "startSlide": 0,
            "transitionEnd": [Function],
          }
        }>
        <div
          className="react-swipe-container mySwipe"
          id={undefined}
          style={
            Object {
              "overflow": "hidden",
              "position": "relative",
              "visibility": "hidden",
            }
          }>
          <div
            style={
              Object {
                "overflow": "hidden",
                "position": "relative",
              }
            }>
            <div
              style={
                Object {
                  "float": "left",
                  "position": "relative",
                  "transitionProperty": "transform",
                  "width": "100%",
                }
              }>
              <div
                className="wrapper">
                <div
                  className="text-input-box Mtop40">
                  <input
                    className="input-text tel phone"
                    id="phone"
                    maxLength="11"
                    placeholder="手机号"
                    type="tel" />
                  <div
                    className="clear_num" />
                </div>
                <div
                  className="text-input-box Mtop20">
                  <input
                    className="input-text"
                    id="code"
                    maxLength="6"
                    placeholder="验证码"
                    style={
                      Object {
                        "fontSize": "16px",
                      }
                    }
                    type="text" />
                  <input
                    className="btn-code"
                    id="sendYzm"
                    type="button"
                    value="发送验证码" />
                </div>
                <div
                  className="Mtop60">
                  <input
                    className="btn-default"
                    id="loginBut"
                    type="button"
                    value="登录" />
                  <p
                    className="btomjump">
                    <a
                      href="javascript:;"
                      id="go_register">
                      立即注册
                    </a>
                  </p>
                </div>
              </div>
            </div>
            <div
              style={
                Object {
                  "float": "left",
                  "position": "relative",
                  "transitionProperty": "transform",
                  "width": "100%",
                }
              }>
              <div
                className="wrapper">
                <div
                  className="text-input-box Mtop40">
                  <input
                    className="input-text"
                    id="phone2"
                    maxLength="11"
                    placeholder="手机号"
                    type="tel" />
                  <div
                    className="clear_num" />
                </div>
                <div
                  className="text-input-box Mtop20">
                  <input
                    className="input-text"
                    id="pwd"
                    maxLength="20"
                    placeholder="6～20位密码"
                    type="password" />
                  <a
                    className="pwd-show"
                    href="javascript:;" />
                  <a
                    className="pwd-hide"
                    href="javascript:;" />
                  <i
                    className="forget">
                    忘记密码?
                  </i>
                </div>
                <div
                  className="btn-input-box Mtop60">
                  <input
                    className="btn-default"
                    id="loginBut2"
                    type="button"
                    value="登录" />
                  <p
                    className="btomjump">
                    <a
                      href="javascript:;"
                      id="go_register">
                      立即注册
                    </a>
                  </p>
                </div>
              </div>
            </div>
          </div>
        </div>
      </ReactSwipe>
    </div>
  </Hammer>
</div>
`;
